Archive member included to satisfy reference by file (symbol)

c:/users/hh/sysgcc/bin/../lib/gcc/avr/5.3.0/avr25/tiny-stack\libgcc.a(_mulhi3.o)
                              ma2313.o (__mulhi3)
c:/users/hh/sysgcc/bin/../lib/gcc/avr/5.3.0/avr25/tiny-stack\libgcc.a(_udivmodhi4.o)
                              ma2313.o (__udivmodhi4)
c:/users/hh/sysgcc/bin/../lib/gcc/avr/5.3.0/avr25/tiny-stack\libgcc.a(_udivmodsi4.o)
                              ma2313.o (__udivmodsi4)
c:/users/hh/sysgcc/bin/../lib/gcc/avr/5.3.0/avr25/tiny-stack\libgcc.a(_exit.o)
                              c:/users/hh/sysgcc/bin/../lib/gcc/avr/5.3.0/../../../../avr/lib/avr25/tiny-stack/crtattiny2313.o (exit)
c:/users/hh/sysgcc/bin/../lib/gcc/avr/5.3.0/avr25/tiny-stack\libgcc.a(_clear_bss.o)
                              ma2313.o (__do_clear_bss)

Allocating common symbols
Common symbol       size              file

inp                 0x2               ma2313.o
usiPuf              0x5               ma2313.o
inpAkt              0x1               ma2313.o

Memory Configuration

Name             Origin             Length             Attributes
text             0x00000000         0x00002000         xr
data             0x00800060         0x0000ffa0         rw !x
eeprom           0x00810000         0x00010000         rw !x
fuse             0x00820000         0x00000400         rw !x
lock             0x00830000         0x00000400         rw !x
signature        0x00840000         0x00000400         rw !x
*default*        0x00000000         0xffffffff

Linker script and memory map

LOAD c:/users/hh/sysgcc/bin/../lib/gcc/avr/5.3.0/../../../../avr/lib/avr25/tiny-stack/crtattiny2313.o
LOAD ma2313.o
START GROUP
LOAD c:/users/hh/sysgcc/bin/../lib/gcc/avr/5.3.0/avr25/tiny-stack\libgcc.a
LOAD c:/users/hh/sysgcc/bin/../lib/gcc/avr/5.3.0/../../../../avr/lib/avr25/tiny-stack\libm.a
LOAD c:/users/hh/sysgcc/bin/../lib/gcc/avr/5.3.0/../../../../avr/lib/avr25/tiny-stack\libc.a
LOAD c:/users/hh/sysgcc/bin/../lib/gcc/avr/5.3.0/../../../../avr/lib/avr25/tiny-stack\libattiny2313.a
END GROUP

.hash
 *(.hash)

.dynsym
 *(.dynsym)

.dynstr
 *(.dynstr)

.gnu.version
 *(.gnu.version)

.gnu.version_d
 *(.gnu.version_d)

.gnu.version_r
 *(.gnu.version_r)

.rel.init
 *(.rel.init)

.rela.init
 *(.rela.init)

.rel.text
 *(.rel.text)
 *(.rel.text.*)
 *(.rel.gnu.linkonce.t*)

.rela.text
 *(.rela.text)
 *(.rela.text.*)
 *(.rela.gnu.linkonce.t*)

.rel.fini
 *(.rel.fini)

.rela.fini
 *(.rela.fini)

.rel.rodata
 *(.rel.rodata)
 *(.rel.rodata.*)
 *(.rel.gnu.linkonce.r*)

.rela.rodata
 *(.rela.rodata)
 *(.rela.rodata.*)
 *(.rela.gnu.linkonce.r*)

.rel.data
 *(.rel.data)
 *(.rel.data.*)
 *(.rel.gnu.linkonce.d*)

.rela.data
 *(.rela.data)
 *(.rela.data.*)
 *(.rela.gnu.linkonce.d*)

.rel.ctors
 *(.rel.ctors)

.rela.ctors
 *(.rela.ctors)

.rel.dtors
 *(.rel.dtors)

.rela.dtors
 *(.rela.dtors)

.rel.got
 *(.rel.got)

.rela.got
 *(.rela.got)

.rel.bss
 *(.rel.bss)

.rela.bss
 *(.rela.bss)

.rel.plt
 *(.rel.plt)

.rela.plt
 *(.rela.plt)

.text           0x00000000      0x7aa
 *(.vectors)
 .vectors       0x00000000       0x26 c:/users/hh/sysgcc/bin/../lib/gcc/avr/5.3.0/../../../../avr/lib/avr25/tiny-stack/crtattiny2313.o
                0x00000000                __vector_default
                0x00000000                __vectors
 *(.vectors)
 *(.progmem.gcc*)
                0x00000026                . = ALIGN (0x2)
                0x00000026                __trampolines_start = .
 *(.trampolines)
 .trampolines   0x00000026        0x0 linker stubs
 *(.trampolines*)
                0x00000026                __trampolines_end = .
 *(.progmem*)
 .progmem.data  0x00000026       0x9a ma2313.o
                0x00000026                stTog
                0x0000002d                stSend
                0x00000033                stVerb
                0x00000039                stRest
                0x0000003e                stPe
                0x00000043                stInp
                0x00000049                stErgeb
                0x0000004f                stChkN
                0x00000054                stChk
                0x0000005a                stInfo
                0x0000007f                stAuto
                0x00000084                stUsi
                0x000000a2                stTim
                0x000000c0                . = ALIGN (0x2)
 *(.jumptables)
 *(.jumptables*)
 *(.lowtext)
 *(.lowtext*)
                0x000000c0                __ctors_start = .
 *(.ctors)
                0x000000c0                __ctors_end = .
                0x000000c0                __dtors_start = .
 *(.dtors)
                0x000000c0                __dtors_end = .
 SORT(*)(.ctors)
 SORT(*)(.dtors)
 *(.init0)
 .init0         0x000000c0        0x0 c:/users/hh/sysgcc/bin/../lib/gcc/avr/5.3.0/../../../../avr/lib/avr25/tiny-stack/crtattiny2313.o
                0x000000c0                __init
 *(.init0)
 *(.init1)
 *(.init1)
 *(.init2)
 .init2         0x000000c0        0x8 c:/users/hh/sysgcc/bin/../lib/gcc/avr/5.3.0/../../../../avr/lib/avr25/tiny-stack/crtattiny2313.o
 *(.init2)
 *(.init3)
 *(.init3)
 *(.init4)
 .init4         0x000000c8       0x10 c:/users/hh/sysgcc/bin/../lib/gcc/avr/5.3.0/avr25/tiny-stack\libgcc.a(_clear_bss.o)
                0x000000c8                __do_clear_bss
 *(.init4)
 *(.init5)
 *(.init5)
 *(.init6)
 *(.init6)
 *(.init7)
 *(.init7)
 *(.init8)
 *(.init8)
 *(.init9)
 .init9         0x000000d8        0x4 c:/users/hh/sysgcc/bin/../lib/gcc/avr/5.3.0/../../../../avr/lib/avr25/tiny-stack/crtattiny2313.o
 *(.init9)
 *(.text)
 .text          0x000000dc        0x2 c:/users/hh/sysgcc/bin/../lib/gcc/avr/5.3.0/../../../../avr/lib/avr25/tiny-stack/crtattiny2313.o
                0x000000dc                __vector_1
                0x000000dc                __vector_12
                0x000000dc                __bad_interrupt
                0x000000dc                __vector_6
                0x000000dc                __vector_3
                0x000000dc                __vector_11
                0x000000dc                __vector_13
                0x000000dc                __vector_17
                0x000000dc                __vector_7
                0x000000dc                __vector_5
                0x000000dc                __vector_4
                0x000000dc                __vector_9
                0x000000dc                __vector_2
                0x000000dc                __vector_15
                0x000000dc                __vector_8
                0x000000dc                __vector_14
                0x000000dc                __vector_10
                0x000000dc                __vector_18
 .text          0x000000de      0x594 ma2313.o
                0x000000de                serial_setup
                0x000000ee                serial_receive
                0x000000fa                serial_putch
                0x00000102                serial_num
                0x0000018c                serial_num32
                0x0000022c                serial_str
                0x00000250                serial_strP
                0x00000278                msg
                0x00000290                msg32
                0x000002c4                mydelay
                0x000002da                delayOrKey
                0x000002fa                timer1_setup
                0x00000318                timer1_info
                0x00000354                usi_setup_both
                0x00000364                usi_setup_master
                0x00000368                usi_setup_slave
                0x0000036e                usi_getch
                0x000003a2                usi_putch
                0x000003e2                __vector_16
                0x0000042a                usi_info
                0x00000448                usi_pufo
                0x0000046a                switchMode
                0x0000047a                delay
                0x00000490                hols
                0x000004c0                init
                0x000004f4                doCmd
                0x0000064c                setup
 .text          0x00000672        0x0 c:/users/hh/sysgcc/bin/../lib/gcc/avr/5.3.0/avr25/tiny-stack\libgcc.a(_mulhi3.o)
 .text          0x00000672        0x0 c:/users/hh/sysgcc/bin/../lib/gcc/avr/5.3.0/avr25/tiny-stack\libgcc.a(_udivmodhi4.o)
 .text          0x00000672        0x0 c:/users/hh/sysgcc/bin/../lib/gcc/avr/5.3.0/avr25/tiny-stack\libgcc.a(_udivmodsi4.o)
 .text          0x00000672        0x0 c:/users/hh/sysgcc/bin/../lib/gcc/avr/5.3.0/avr25/tiny-stack\libgcc.a(_exit.o)
 .text          0x00000672        0x0 c:/users/hh/sysgcc/bin/../lib/gcc/avr/5.3.0/avr25/tiny-stack\libgcc.a(_clear_bss.o)
                0x00000672                . = ALIGN (0x2)
 *(.text.*)
 .text.startup  0x00000672       0xa6 ma2313.o
                0x00000672                main
 .text.libgcc.mul
                0x00000718       0x22 c:/users/hh/sysgcc/bin/../lib/gcc/avr/5.3.0/avr25/tiny-stack\libgcc.a(_mulhi3.o)
                0x00000718                __mulhi3
 .text.libgcc.div
                0x0000073a        0x0 c:/users/hh/sysgcc/bin/../lib/gcc/avr/5.3.0/avr25/tiny-stack\libgcc.a(_mulhi3.o)
 .text.libgcc   0x0000073a        0x0 c:/users/hh/sysgcc/bin/../lib/gcc/avr/5.3.0/avr25/tiny-stack\libgcc.a(_mulhi3.o)
 .text.libgcc.prologue
                0x0000073a        0x0 c:/users/hh/sysgcc/bin/../lib/gcc/avr/5.3.0/avr25/tiny-stack\libgcc.a(_mulhi3.o)
 .text.libgcc.builtins
                0x0000073a        0x0 c:/users/hh/sysgcc/bin/../lib/gcc/avr/5.3.0/avr25/tiny-stack\libgcc.a(_mulhi3.o)
 .text.libgcc.fmul
                0x0000073a        0x0 c:/users/hh/sysgcc/bin/../lib/gcc/avr/5.3.0/avr25/tiny-stack\libgcc.a(_mulhi3.o)
 .text.libgcc.fixed
                0x0000073a        0x0 c:/users/hh/sysgcc/bin/../lib/gcc/avr/5.3.0/avr25/tiny-stack\libgcc.a(_mulhi3.o)
 .text.libgcc.mul
                0x0000073a        0x0 c:/users/hh/sysgcc/bin/../lib/gcc/avr/5.3.0/avr25/tiny-stack\libgcc.a(_udivmodhi4.o)
 .text.libgcc.div
                0x0000073a       0x28 c:/users/hh/sysgcc/bin/../lib/gcc/avr/5.3.0/avr25/tiny-stack\libgcc.a(_udivmodhi4.o)
                0x0000073a                __udivmodhi4
 .text.libgcc   0x00000762        0x0 c:/users/hh/sysgcc/bin/../lib/gcc/avr/5.3.0/avr25/tiny-stack\libgcc.a(_udivmodhi4.o)
 .text.libgcc.prologue
                0x00000762        0x0 c:/users/hh/sysgcc/bin/../lib/gcc/avr/5.3.0/avr25/tiny-stack\libgcc.a(_udivmodhi4.o)
 .text.libgcc.builtins
                0x00000762        0x0 c:/users/hh/sysgcc/bin/../lib/gcc/avr/5.3.0/avr25/tiny-stack\libgcc.a(_udivmodhi4.o)
 .text.libgcc.fmul
                0x00000762        0x0 c:/users/hh/sysgcc/bin/../lib/gcc/avr/5.3.0/avr25/tiny-stack\libgcc.a(_udivmodhi4.o)
 .text.libgcc.fixed
                0x00000762        0x0 c:/users/hh/sysgcc/bin/../lib/gcc/avr/5.3.0/avr25/tiny-stack\libgcc.a(_udivmodhi4.o)
 .text.libgcc.mul
                0x00000762        0x0 c:/users/hh/sysgcc/bin/../lib/gcc/avr/5.3.0/avr25/tiny-stack\libgcc.a(_udivmodsi4.o)
 .text.libgcc.div
                0x00000762       0x44 c:/users/hh/sysgcc/bin/../lib/gcc/avr/5.3.0/avr25/tiny-stack\libgcc.a(_udivmodsi4.o)
                0x00000762                __udivmodsi4
 .text.libgcc   0x000007a6        0x0 c:/users/hh/sysgcc/bin/../lib/gcc/avr/5.3.0/avr25/tiny-stack\libgcc.a(_udivmodsi4.o)
 .text.libgcc.prologue
                0x000007a6        0x0 c:/users/hh/sysgcc/bin/../lib/gcc/avr/5.3.0/avr25/tiny-stack\libgcc.a(_udivmodsi4.o)
 .text.libgcc.builtins
                0x000007a6        0x0 c:/users/hh/sysgcc/bin/../lib/gcc/avr/5.3.0/avr25/tiny-stack\libgcc.a(_udivmodsi4.o)
 .text.libgcc.fmul
                0x000007a6        0x0 c:/users/hh/sysgcc/bin/../lib/gcc/avr/5.3.0/avr25/tiny-stack\libgcc.a(_udivmodsi4.o)
 .text.libgcc.fixed
                0x000007a6        0x0 c:/users/hh/sysgcc/bin/../lib/gcc/avr/5.3.0/avr25/tiny-stack\libgcc.a(_udivmodsi4.o)
 .text.libgcc.mul
                0x000007a6        0x0 c:/users/hh/sysgcc/bin/../lib/gcc/avr/5.3.0/avr25/tiny-stack\libgcc.a(_exit.o)
 .text.libgcc.div
                0x000007a6        0x0 c:/users/hh/sysgcc/bin/../lib/gcc/avr/5.3.0/avr25/tiny-stack\libgcc.a(_exit.o)
 .text.libgcc   0x000007a6        0x0 c:/users/hh/sysgcc/bin/../lib/gcc/avr/5.3.0/avr25/tiny-stack\libgcc.a(_exit.o)
 .text.libgcc.prologue
                0x000007a6        0x0 c:/users/hh/sysgcc/bin/../lib/gcc/avr/5.3.0/avr25/tiny-stack\libgcc.a(_exit.o)
 .text.libgcc.builtins
                0x000007a6        0x0 c:/users/hh/sysgcc/bin/../lib/gcc/avr/5.3.0/avr25/tiny-stack\libgcc.a(_exit.o)
 .text.libgcc.fmul
                0x000007a6        0x0 c:/users/hh/sysgcc/bin/../lib/gcc/avr/5.3.0/avr25/tiny-stack\libgcc.a(_exit.o)
 .text.libgcc.fixed
                0x000007a6        0x0 c:/users/hh/sysgcc/bin/../lib/gcc/avr/5.3.0/avr25/tiny-stack\libgcc.a(_exit.o)
 .text.libgcc.mul
                0x000007a6        0x0 c:/users/hh/sysgcc/bin/../lib/gcc/avr/5.3.0/avr25/tiny-stack\libgcc.a(_clear_bss.o)
 .text.libgcc.div
                0x000007a6        0x0 c:/users/hh/sysgcc/bin/../lib/gcc/avr/5.3.0/avr25/tiny-stack\libgcc.a(_clear_bss.o)
 .text.libgcc   0x000007a6        0x0 c:/users/hh/sysgcc/bin/../lib/gcc/avr/5.3.0/avr25/tiny-stack\libgcc.a(_clear_bss.o)
 .text.libgcc.prologue
                0x000007a6        0x0 c:/users/hh/sysgcc/bin/../lib/gcc/avr/5.3.0/avr25/tiny-stack\libgcc.a(_clear_bss.o)
 .text.libgcc.builtins
                0x000007a6        0x0 c:/users/hh/sysgcc/bin/../lib/gcc/avr/5.3.0/avr25/tiny-stack\libgcc.a(_clear_bss.o)
 .text.libgcc.fmul
                0x000007a6        0x0 c:/users/hh/sysgcc/bin/../lib/gcc/avr/5.3.0/avr25/tiny-stack\libgcc.a(_clear_bss.o)
 .text.libgcc.fixed
                0x000007a6        0x0 c:/users/hh/sysgcc/bin/../lib/gcc/avr/5.3.0/avr25/tiny-stack\libgcc.a(_clear_bss.o)
                0x000007a6                . = ALIGN (0x2)
 *(.fini9)
 .fini9         0x000007a6        0x0 c:/users/hh/sysgcc/bin/../lib/gcc/avr/5.3.0/avr25/tiny-stack\libgcc.a(_exit.o)
                0x000007a6                _exit
                0x000007a6                exit
 *(.fini9)
 *(.fini8)
 *(.fini8)
 *(.fini7)
 *(.fini7)
 *(.fini6)
 *(.fini6)
 *(.fini5)
 *(.fini5)
 *(.fini4)
 *(.fini4)
 *(.fini3)
 *(.fini3)
 *(.fini2)
 *(.fini2)
 *(.fini1)
 *(.fini1)
 *(.fini0)
 .fini0         0x000007a6        0x4 c:/users/hh/sysgcc/bin/../lib/gcc/avr/5.3.0/avr25/tiny-stack\libgcc.a(_exit.o)
 *(.fini0)
                0x000007aa                _etext = .

.data           0x00800060        0x0 load address 0x000007aa
                0x00800060                PROVIDE (__data_start, .)
 *(.data)
 .data          0x00800060        0x0 c:/users/hh/sysgcc/bin/../lib/gcc/avr/5.3.0/../../../../avr/lib/avr25/tiny-stack/crtattiny2313.o
 .data          0x00800060        0x0 ma2313.o
 .data          0x00800060        0x0 c:/users/hh/sysgcc/bin/../lib/gcc/avr/5.3.0/avr25/tiny-stack\libgcc.a(_mulhi3.o)
 .data          0x00800060        0x0 c:/users/hh/sysgcc/bin/../lib/gcc/avr/5.3.0/avr25/tiny-stack\libgcc.a(_udivmodhi4.o)
 .data          0x00800060        0x0 c:/users/hh/sysgcc/bin/../lib/gcc/avr/5.3.0/avr25/tiny-stack\libgcc.a(_udivmodsi4.o)
 .data          0x00800060        0x0 c:/users/hh/sysgcc/bin/../lib/gcc/avr/5.3.0/avr25/tiny-stack\libgcc.a(_exit.o)
 .data          0x00800060        0x0 c:/users/hh/sysgcc/bin/../lib/gcc/avr/5.3.0/avr25/tiny-stack\libgcc.a(_clear_bss.o)
 *(.data*)
 *(.rodata)
 *(.rodata*)
 *(.gnu.linkonce.d*)
                0x00800060                . = ALIGN (0x2)
                0x00800060                _edata = .
                0x00800060                PROVIDE (__data_end, .)

.bss            0x00800060        0xd
                0x00800060                PROVIDE (__bss_start, .)
 *(.bss)
 .bss           0x00800060        0x0 c:/users/hh/sysgcc/bin/../lib/gcc/avr/5.3.0/../../../../avr/lib/avr25/tiny-stack/crtattiny2313.o
 .bss           0x00800060        0x5 ma2313.o
                0x00800060                auto13
                0x00800061                verbose
                0x00800062                cmdMode
                0x00800063                usiOutp
                0x00800064                usiInp
 .bss           0x00800065        0x0 c:/users/hh/sysgcc/bin/../lib/gcc/avr/5.3.0/avr25/tiny-stack\libgcc.a(_mulhi3.o)
 .bss           0x00800065        0x0 c:/users/hh/sysgcc/bin/../lib/gcc/avr/5.3.0/avr25/tiny-stack\libgcc.a(_udivmodhi4.o)
 .bss           0x00800065        0x0 c:/users/hh/sysgcc/bin/../lib/gcc/avr/5.3.0/avr25/tiny-stack\libgcc.a(_udivmodsi4.o)
 .bss           0x00800065        0x0 c:/users/hh/sysgcc/bin/../lib/gcc/avr/5.3.0/avr25/tiny-stack\libgcc.a(_exit.o)
 .bss           0x00800065        0x0 c:/users/hh/sysgcc/bin/../lib/gcc/avr/5.3.0/avr25/tiny-stack\libgcc.a(_clear_bss.o)
 *(.bss*)
 *(COMMON)
 COMMON         0x00800065        0x8 ma2313.o
                0x00800065                inp
                0x00800067                usiPuf
                0x0080006c                inpAkt
                0x0080006d                PROVIDE (__bss_end, .)
                0x000007aa                __data_load_start = LOADADDR (.data)
                0x000007aa                __data_load_end = (__data_load_start + SIZEOF (.data))

.noinit         0x0080006d        0x0
                0x0080006d                PROVIDE (__noinit_start, .)
 *(.noinit*)
                0x0080006d                PROVIDE (__noinit_end, .)
                0x0080006d                _end = .
                0x0080006d                PROVIDE (__heap_start, .)

.eeprom         0x00810000        0x0
 *(.eeprom*)
                0x00810000                __eeprom_end = .

.fuse
 *(.fuse)
 *(.lfuse)
 *(.hfuse)
 *(.efuse)

.lock
 *(.lock*)

.signature
 *(.signature*)

.stab           0x00000000      0x5d0
 *(.stab)
 .stab          0x00000000      0x12c c:/users/hh/sysgcc/bin/../lib/gcc/avr/5.3.0/avr25/tiny-stack\libgcc.a(_mulhi3.o)
 .stab          0x0000012c      0x15c c:/users/hh/sysgcc/bin/../lib/gcc/avr/5.3.0/avr25/tiny-stack\libgcc.a(_udivmodhi4.o)
                                0x168 (size before relaxing)
 .stab          0x00000288      0x228 c:/users/hh/sysgcc/bin/../lib/gcc/avr/5.3.0/avr25/tiny-stack\libgcc.a(_udivmodsi4.o)
                                0x234 (size before relaxing)
 .stab          0x000004b0       0x6c c:/users/hh/sysgcc/bin/../lib/gcc/avr/5.3.0/avr25/tiny-stack\libgcc.a(_exit.o)
                                 0x78 (size before relaxing)
 .stab          0x0000051c       0xb4 c:/users/hh/sysgcc/bin/../lib/gcc/avr/5.3.0/avr25/tiny-stack\libgcc.a(_clear_bss.o)
                                 0xc0 (size before relaxing)

.stabstr        0x00000000       0xd9
 *(.stabstr)
 .stabstr       0x00000000       0xd9 c:/users/hh/sysgcc/bin/../lib/gcc/avr/5.3.0/avr25/tiny-stack\libgcc.a(_mulhi3.o)

.stab.excl
 *(.stab.excl)

.stab.exclstr
 *(.stab.exclstr)

.stab.index
 *(.stab.index)

.stab.indexstr
 *(.stab.indexstr)

.comment        0x00000000       0x11
 *(.comment)
 .comment       0x00000000       0x11 ma2313.o
                                 0x12 (size before relaxing)

.note.gnu.avr.deviceinfo
                0x00000000       0x40
 .note.gnu.avr.deviceinfo
                0x00000000       0x40 c:/users/hh/sysgcc/bin/../lib/gcc/avr/5.3.0/../../../../avr/lib/avr25/tiny-stack/crtattiny2313.o

.note.gnu.build-id
 *(.note.gnu.build-id)

.debug
 *(.debug)

.line
 *(.line)

.debug_srcinfo
 *(.debug_srcinfo)

.debug_sfnames
 *(.debug_sfnames)

.debug_aranges  0x00000000       0x28
 *(.debug_aranges)
 .debug_aranges
                0x00000000       0x28 ma2313.o

.debug_pubnames
 *(.debug_pubnames)

.debug_info     0x00000000     0x12ef
 *(.debug_info .gnu.linkonce.wi.*)
 .debug_info    0x00000000      0x40e c:/users/hh/sysgcc/bin/../lib/gcc/avr/5.3.0/../../../../avr/lib/avr25/tiny-stack/crtattiny2313.o
 .debug_info    0x0000040e      0xee1 ma2313.o

.debug_abbrev   0x00000000      0x73b
 *(.debug_abbrev)
 .debug_abbrev  0x00000000      0x3d7 c:/users/hh/sysgcc/bin/../lib/gcc/avr/5.3.0/../../../../avr/lib/avr25/tiny-stack/crtattiny2313.o
 .debug_abbrev  0x000003d7      0x364 ma2313.o

.debug_line     0x00000000      0x288
 *(.debug_line .debug_line.* .debug_line_end)
 .debug_line    0x00000000       0x1d c:/users/hh/sysgcc/bin/../lib/gcc/avr/5.3.0/../../../../avr/lib/avr25/tiny-stack/crtattiny2313.o
 .debug_line    0x0000001d      0x26b ma2313.o

.debug_frame    0x00000000      0x2c0
 *(.debug_frame)
 .debug_frame   0x00000000      0x2c0 ma2313.o

.debug_str      0x00000000      0x4a9
 *(.debug_str)
 .debug_str     0x00000000      0x163 c:/users/hh/sysgcc/bin/../lib/gcc/avr/5.3.0/../../../../avr/lib/avr25/tiny-stack/crtattiny2313.o
 .debug_str     0x00000163      0x346 ma2313.o
                                0x38b (size before relaxing)

.debug_loc      0x00000000      0xbab
 *(.debug_loc)
 .debug_loc     0x00000000      0xbab ma2313.o

.debug_macinfo
 *(.debug_macinfo)

.debug_weaknames
 *(.debug_weaknames)

.debug_funcnames
 *(.debug_funcnames)

.debug_typenames
 *(.debug_typenames)

.debug_varnames
 *(.debug_varnames)

.debug_pubtypes
 *(.debug_pubtypes)

.debug_ranges   0x00000000       0x68
 *(.debug_ranges)
 .debug_ranges  0x00000000       0x68 ma2313.o

.debug_macro
 *(.debug_macro)
OUTPUT(ma2313.elf elf32-avr)
LOAD linker stubs
